Analysis & Synthesis report for pong
Sat Aug  8 10:25:54 2026
Quartus Prime Version 21.1.0 Build 842 10/21/2021 SJ Lite Edition


---------------------
; Table of Contents ;
---------------------
  1. Legal Notice
  2. Analysis & Synthesis Summary
  3. Analysis & Synthesis Settings
  4. Parallel Compilation
  5. Analysis & Synthesis Source Files Read
  6. Analysis & Synthesis Resource Usage Summary
  7. Analysis & Synthesis Resource Utilization by Entity
  8. State Machine - |Game|Ball:ball|direction
  9. Registers Removed During Synthesis
 10. General Register Statistics
 11. Inverted Register Statistics
 12. Multiplexer Restructuring Statistics (Restructuring Performed)
 13. Port Connectivity Checks: "Paddle:paddle1"
 14. Port Connectivity Checks: "Ball:ball"
 15. Post-Synthesis Netlist Statistics for Top Partition
 16. Elapsed Time Per Partition
 17. Analysis & Synthesis Messages



----------------
; Legal Notice ;
----------------
Copyright (C) 2021  Intel Corporation. All rights reserved.
Your use of Intel Corporation's design tools, logic functions 
and other software and tools, and any partner logic 
functions, and any output files from any of the foregoing 
(including device programming or simulation files), and any 
associated documentation or information are expressly subject 
to the terms and conditions of the Intel Program License 
Subscription Agreement, the Intel Quartus Prime License Agreement,
the Intel FPGA IP License Agreement, or other applicable license
agreement, including, without limitation, that your use is for
the sole purpose of programming logic devices manufactured by
Intel and sold by Intel or its authorized distributors.  Please
refer to the applicable agreement for further details, at
https://fpgasoftware.intel.com/eula.



+----------------------------------------------------------------------------------+
; Analysis & Synthesis Summary                                                     ;
+------------------------------------+---------------------------------------------+
; Analysis & Synthesis Status        ; Successful - Sat Aug  8 10:25:54 2026       ;
; Quartus Prime Version              ; 21.1.0 Build 842 10/21/2021 SJ Lite Edition ;
; Revision Name                      ; pong                                        ;
; Top-level Entity Name              ; Game                                        ;
; Family                             ; MAX 10                                      ;
; Total logic elements               ; 200                                         ;
;     Total combinational functions  ; 199                                         ;
;     Dedicated logic registers      ; 81                                          ;
; Total registers                    ; 81                                          ;
; Total pins                         ; 18                                          ;
; Total virtual pins                 ; 0                                           ;
; Total memory bits                  ; 0                                           ;
; Embedded Multiplier 9-bit elements ; 0                                           ;
; Total PLLs                         ; 0                                           ;
; UFM blocks                         ; 0                                           ;
; ADC blocks                         ; 0                                           ;
+------------------------------------+---------------------------------------------+


+------------------------------------------------------------------------------------------------------------+
; Analysis & Synthesis Settings                                                                              ;
+------------------------------------------------------------------+--------------------+--------------------+
; Option                                                           ; Setting            ; Default Value      ;
+------------------------------------------------------------------+--------------------+--------------------+
; Device                                                           ; 10M50DAF484C7G     ;                    ;
; Top-level entity name                                            ; Game               ; pong               ;
; Family name                                                      ; MAX 10             ; Cyclone V          ;
; Use smart compilation                                            ; Off                ; Off                ;
; Enable parallel Assembler and Timing Analyzer during compilation ; On                 ; On                 ;
; Enable compact report table                                      ; Off                ; Off                ;
; Restructure Multiplexers                                         ; Auto               ; Auto               ;
; Create Debugging Nodes for IP Cores                              ; Off                ; Off                ;
; Preserve fewer node names                                        ; On                 ; On                 ;
; Intel FPGA IP Evaluation Mode                                    ; Enable             ; Enable             ;
; Verilog Version                                                  ; Verilog_2001       ; Verilog_2001       ;
; VHDL Version                                                     ; VHDL_1993          ; VHDL_1993          ;
; State Machine Processing                                         ; Auto               ; Auto               ;
; Safe State Machine                                               ; Off                ; Off                ;
; Extract Verilog State Machines                                   ; On                 ; On                 ;
; Extract VHDL State Machines                                      ; On                 ; On                 ;
; Ignore Verilog initial constructs                                ; Off                ; Off                ;
; Iteration limit for constant Verilog loops                       ; 5000               ; 5000               ;
; Iteration limit for non-constant Verilog loops                   ; 250                ; 250                ;
; Add Pass-Through Logic to Inferred RAMs                          ; On                 ; On                 ;
; Infer RAMs from Raw Logic                                        ; On                 ; On                 ;
; Parallel Synthesis                                               ; On                 ; On                 ;
; DSP Block Balancing                                              ; Auto               ; Auto               ;
; NOT Gate Push-Back                                               ; On                 ; On                 ;
; Power-Up Don't Care                                              ; On                 ; On                 ;
; Remove Redundant Logic Cells                                     ; Off                ; Off                ;
; Remove Duplicate Registers                                       ; On                 ; On                 ;
; Ignore CARRY Buffers                                             ; Off                ; Off                ;
; Ignore CASCADE Buffers                                           ; Off                ; Off                ;
; Ignore GLOBAL Buffers                                            ; Off                ; Off                ;
; Ignore ROW GLOBAL Buffers                                        ; Off                ; Off                ;
; Ignore LCELL Buffers                                             ; Off                ; Off                ;
; Ignore SOFT Buffers                                              ; On                 ; On                 ;
; Limit AHDL Integers to 32 Bits                                   ; Off                ; Off                ;
; Optimization Technique                                           ; Balanced           ; Balanced           ;
; Carry Chain Length                                               ; 70                 ; 70                 ;
; Auto Carry Chains                                                ; On                 ; On                 ;
; Auto Open-Drain Pins                                             ; On                 ; On                 ;
; Perform WYSIWYG Primitive Resynthesis                            ; Off                ; Off                ;
; Auto ROM Replacement                                             ; On                 ; On                 ;
; Auto RAM Replacement                                             ; On                 ; On                 ;
; Auto DSP Block Replacement                                       ; On                 ; On                 ;
; Auto Shift Register Replacement                                  ; Auto               ; Auto               ;
; Allow Shift Register Merging across Hierarchies                  ; Auto               ; Auto               ;
; Auto Clock Enable Replacement                                    ; On                 ; On                 ;
; Strict RAM Replacement                                           ; Off                ; Off                ;
; Allow Synchronous Control Signals                                ; On                 ; On                 ;
; Force Use of Synchronous Clear Signals                           ; Off                ; Off                ;
; Auto RAM Block Balancing                                         ; On                 ; On                 ;
; Auto RAM to Logic Cell Conversion                                ; Off                ; Off                ;
; Auto Resource Sharing                                            ; Off                ; Off                ;
; Allow Any RAM Size For Recognition                               ; Off                ; Off                ;
; Allow Any ROM Size For Recognition                               ; Off                ; Off                ;
; Allow Any Shift Register Size For Recognition                    ; Off                ; Off                ;
; Use LogicLock Constraints during Resource Balancing              ; On                 ; On                 ;
; Ignore translate_off and synthesis_off directives                ; Off                ; Off                ;
; Timing-Driven Synthesis                                          ; On                 ; On                 ;
; Report Parameter Settings                                        ; On                 ; On                 ;
; Report Source Assignments                                        ; On                 ; On                 ;
; Report Connectivity Checks                                       ; On                 ; On                 ;
; Ignore Maximum Fan-Out Assignments                               ; Off                ; Off                ;
; Synchronization Register Chain Length                            ; 2                  ; 2                  ;
; Power Optimization During Synthesis                              ; Normal compilation ; Normal compilation ;
; HDL message level                                                ; Level2             ; Level2             ;
; Suppress Register Optimization Related Messages                  ; Off                ; Off                ;
; Number of Removed Registers Reported in Synthesis Report         ; 5000               ; 5000               ;
; Number of Swept Nodes Reported in Synthesis Report               ; 5000               ; 5000               ;
; Number of Inverted Registers Reported in Synthesis Report        ; 100                ; 100                ;
; Clock MUX Protection                                             ; On                 ; On                 ;
; Auto Gated Clock Conversion                                      ; Off                ; Off                ;
; Block Design Naming                                              ; Auto               ; Auto               ;
; SDC constraint protection                                        ; Off                ; Off                ;
; Synthesis Effort                                                 ; Auto               ; Auto               ;
; Shift Register Replacement - Allow Asynchronous Clear Signal     ; On                 ; On                 ;
; Pre-Mapping Resynthesis Optimization                             ; Off                ; Off                ;
; Analysis & Synthesis Message Level                               ; Medium             ; Medium             ;
; Disable Register Merging Across Hierarchies                      ; Auto               ; Auto               ;
; Resource Aware Inference For Block RAM                           ; On                 ; On                 ;
+------------------------------------------------------------------+--------------------+--------------------+


+------------------------------------------+
; Parallel Compilation                     ;
+----------------------------+-------------+
; Processors                 ; Number      ;
+----------------------------+-------------+
; Number detected on machine ; 8           ;
; Maximum allowed            ; 8           ;
;                            ;             ;
; Average used               ; 1.00        ;
; Maximum used               ; 8           ;
;                            ;             ;
; Usage by Processor         ; % Time Used ;
;     Processor 1            ; 100.0%      ;
;     Processors 2-8         ;   0.0%      ;
+----------------------------+-------------+


+----------------------------------------------------------------------------------------------------------------------------------------------------------------------+
; Analysis & Synthesis Source Files Read                                                                                                                               ;
+----------------------------------+-----------------+------------------------------+------------------------------------------------------------------------+---------+
; File Name with User-Entered Path ; Used in Netlist ; File Type                    ; File Name with Absolute Path                                           ; Library ;
+----------------------------------+-----------------+------------------------------+------------------------------------------------------------------------+---------+
; Mux.sv                           ; yes             ; User SystemVerilog HDL File  ; /home/charlesmaebi/ProjectsSummer2026/pong-game-fpga/Mux.sv            ;         ;
; SyncCount.sv                     ; yes             ; User SystemVerilog HDL File  ; /home/charlesmaebi/ProjectsSummer2026/pong-game-fpga/SyncCount.sv      ;         ;
; ClockDivider.sv                  ; yes             ; User SystemVerilog HDL File  ; /home/charlesmaebi/ProjectsSummer2026/pong-game-fpga/ClockDivider.sv   ;         ;
; GraphicsDriver.sv                ; yes             ; User SystemVerilog HDL File  ; /home/charlesmaebi/ProjectsSummer2026/pong-game-fpga/GraphicsDriver.sv ;         ;
; Ball.sv                          ; yes             ; User SystemVerilog HDL File  ; /home/charlesmaebi/ProjectsSummer2026/pong-game-fpga/Ball.sv           ;         ;
; DrawBall.sv                      ; yes             ; User SystemVerilog HDL File  ; /home/charlesmaebi/ProjectsSummer2026/pong-game-fpga/DrawBall.sv       ;         ;
; Game.sv                          ; yes             ; User SystemVerilog HDL File  ; /home/charlesmaebi/ProjectsSummer2026/pong-game-fpga/Game.sv           ;         ;
; Paddle.sv                        ; yes             ; User SystemVerilog HDL File  ; /home/charlesmaebi/ProjectsSummer2026/pong-game-fpga/Paddle.sv         ;         ;
+----------------------------------+-----------------+------------------------------+------------------------------------------------------------------------+---------+


+---------------------------------------------------------------------------------+
; Analysis & Synthesis Resource Usage Summary                                     ;
+---------------------------------------------+-----------------------------------+
; Resource                                    ; Usage                             ;
+---------------------------------------------+-----------------------------------+
; Estimated Total logic elements              ; 200                               ;
;                                             ;                                   ;
; Total combinational functions               ; 199                               ;
; Logic element usage by number of LUT inputs ;                                   ;
;     -- 4 input functions                    ; 36                                ;
;     -- 3 input functions                    ; 115                               ;
;     -- <=2 input functions                  ; 48                                ;
;                                             ;                                   ;
; Logic elements by mode                      ;                                   ;
;     -- normal mode                          ; 73                                ;
;     -- arithmetic mode                      ; 126                               ;
;                                             ;                                   ;
; Total registers                             ; 81                                ;
;     -- Dedicated logic registers            ; 81                                ;
;     -- I/O registers                        ; 0                                 ;
;                                             ;                                   ;
; I/O pins                                    ; 18                                ;
;                                             ;                                   ;
; Embedded Multiplier 9-bit elements          ; 0                                 ;
;                                             ;                                   ;
; Maximum fan-out node                        ; ClockDivider:clock_divider|toggle ;
; Maximum fan-out                             ; 81                                ;
; Total fan-out                               ; 923                               ;
; Average fan-out                             ; 2.92                              ;
+---------------------------------------------+-----------------------------------+


+-------------------------------------------------------------------------------------------------------------------------------------------------------------------------------------------------------------------------------------------------------------------------+
; Analysis & Synthesis Resource Utilization by Entity                                                                                                                                                                                                                     ;
+---------------------------------+---------------------+---------------------------+-------------+------------+--------------+---------+-----------+------+--------------+------------+--------------------------------------------------+----------------+--------------+
; Compilation Hierarchy Node      ; Combinational ALUTs ; Dedicated Logic Registers ; Memory Bits ; UFM Blocks ; DSP Elements ; DSP 9x9 ; DSP 18x18 ; Pins ; Virtual Pins ; ADC blocks ; Full Hierarchy Name                              ; Entity Name    ; Library Name ;
+---------------------------------+---------------------+---------------------------+-------------+------------+--------------+---------+-----------+------+--------------+------------+--------------------------------------------------+----------------+--------------+
; |Game                           ; 199 (1)             ; 81 (1)                    ; 0           ; 0          ; 0            ; 0       ; 0         ; 18   ; 0            ; 0          ; |Game                                            ; Game           ; work         ;
;    |Ball:ball|                  ; 73 (73)             ; 37 (37)                   ; 0           ; 0          ; 0            ; 0       ; 0         ; 0    ; 0            ; 0          ; |Game|Ball:ball                                  ; Ball           ; work         ;
;    |ClockDivider:clock_divider| ; 1 (1)               ; 1 (1)                     ; 0           ; 0          ; 0            ; 0       ; 0         ; 0    ; 0            ; 0          ; |Game|ClockDivider:clock_divider                 ; ClockDivider   ; work         ;
;    |GraphicsDriver:driver|      ; 103 (0)             ; 22 (0)                    ; 0           ; 0          ; 0            ; 0       ; 0         ; 0    ; 0            ; 0          ; |Game|GraphicsDriver:driver                      ; GraphicsDriver ; work         ;
;       |DrawBall:draw_ball|      ; 60 (60)             ; 0 (0)                     ; 0           ; 0          ; 0            ; 0       ; 0         ; 0    ; 0            ; 0          ; |Game|GraphicsDriver:driver|DrawBall:draw_ball   ; DrawBall       ; work         ;
;       |Mux:red_mux|             ; 7 (7)               ; 0 (0)                     ; 0           ; 0          ; 0            ; 0       ; 0         ; 0    ; 0            ; 0          ; |Game|GraphicsDriver:driver|Mux:red_mux          ; Mux            ; work         ;
;       |SyncCount:sync_count|    ; 36 (36)             ; 22 (22)                   ; 0           ; 0          ; 0            ; 0       ; 0         ; 0    ; 0            ; 0          ; |Game|GraphicsDriver:driver|SyncCount:sync_count ; SyncCount      ; work         ;
;    |Paddle:paddle1|             ; 21 (21)             ; 20 (20)                   ; 0           ; 0          ; 0            ; 0       ; 0         ; 0    ; 0            ; 0          ; |Game|Paddle:paddle1                             ; Paddle         ; work         ;
+---------------------------------+---------------------+---------------------------+-------------+------------+--------------+---------+-----------+------+--------------+------------+--------------------------------------------------+----------------+--------------+
Note: For table entries with two numbers listed, the numbers in parentheses indicate the number of resources of the given type used by the specific entity alone. The numbers listed outside of parentheses indicate the total resources of the given type used by the specific entity and all of its sub-entities in the hierarchy.


Encoding Type:  One-Hot
+------------------------------------------------------------------------------------------------------------+
; State Machine - |Game|Ball:ball|direction                                                                  ;
+----------------------+----------------------+-------------------+--------------------+---------------------+
; Name                 ; direction.DOWN_RIGHT ; direction.UP_LEFT ; direction.UP_RIGHT ; direction.DOWN_LEFT ;
+----------------------+----------------------+-------------------+--------------------+---------------------+
; direction.DOWN_LEFT  ; 0                    ; 0                 ; 0                  ; 0                   ;
; direction.UP_RIGHT   ; 0                    ; 0                 ; 1                  ; 1                   ;
; direction.UP_LEFT    ; 0                    ; 1                 ; 0                  ; 1                   ;
; direction.DOWN_RIGHT ; 1                    ; 0                 ; 0                  ; 1                   ;
+----------------------+----------------------+-------------------+--------------------+---------------------+


+------------------------------------------------------------------------+
; Registers Removed During Synthesis                                     ;
+---------------------------------------+--------------------------------+
; Register name                         ; Reason for Removal             ;
+---------------------------------------+--------------------------------+
; Ball:ball|right[0]                    ; Merged with Ball:ball|upper[0] ;
; Ball:ball|left[0]                     ; Merged with Ball:ball|upper[0] ;
; Ball:ball|lower[0]                    ; Merged with Ball:ball|upper[0] ;
; Ball:ball|lower[1]                    ; Merged with Ball:ball|upper[1] ;
; Ball:ball|right[1]                    ; Merged with Ball:ball|left[1]  ;
; Ball:ball|right[2]                    ; Merged with Ball:ball|left[2]  ;
; Ball:ball|right[3]                    ; Merged with Ball:ball|left[3]  ;
; Ball:ball|direction~4                 ; Lost fanout                    ;
; Ball:ball|direction~5                 ; Lost fanout                    ;
; Total Number of Removed Registers = 9 ;                                ;
+---------------------------------------+--------------------------------+


+------------------------------------------------------+
; General Register Statistics                          ;
+----------------------------------------------+-------+
; Statistic                                    ; Value ;
+----------------------------------------------+-------+
; Total registers                              ; 81    ;
; Number of registers using Synchronous Clear  ; 0     ;
; Number of registers using Synchronous Load   ; 0     ;
; Number of registers using Asynchronous Clear ; 80    ;
; Number of registers using Asynchronous Load  ; 0     ;
; Number of registers using Clock Enable       ; 67    ;
; Number of registers using Preset             ; 0     ;
+----------------------------------------------+-------+


+---------------------------------------------------+
; Inverted Register Statistics                      ;
+-----------------------------------------+---------+
; Inverted Register                       ; Fan out ;
+-----------------------------------------+---------+
; Ball:ball|left[8]                       ; 5       ;
; Ball:ball|left[5]                       ; 3       ;
; Ball:ball|left[4]                       ; 3       ;
; Ball:ball|left[3]                       ; 5       ;
; Ball:ball|right[8]                      ; 3       ;
; Ball:ball|right[6]                      ; 3       ;
; Ball:ball|upper[7]                      ; 3       ;
; Ball:ball|upper[6]                      ; 3       ;
; Ball:ball|upper[5]                      ; 3       ;
; Ball:ball|upper[2]                      ; 3       ;
; Ball:ball|upper[1]                      ; 7       ;
; Ball:ball|lower[7]                      ; 3       ;
; Ball:ball|lower[6]                      ; 3       ;
; Ball:ball|lower[5]                      ; 3       ;
; Ball:ball|lower[4]                      ; 3       ;
; Ball:ball|lower[3]                      ; 3       ;
; Paddle:paddle1|paddle_upper[7]          ; 2       ;
; Paddle:paddle1|paddle_upper[6]          ; 2       ;
; Paddle:paddle1|paddle_upper[5]          ; 2       ;
; Paddle:paddle1|paddle_upper[3]          ; 2       ;
; Paddle:paddle1|paddle_upper[1]          ; 2       ;
; Paddle:paddle1|paddle_lower[8]          ; 2       ;
; Paddle:paddle1|paddle_lower[5]          ; 2       ;
; Paddle:paddle1|paddle_lower[4]          ; 2       ;
; Paddle:paddle1|paddle_lower[3]          ; 2       ;
; Paddle:paddle1|paddle_lower[1]          ; 2       ;
; Total number of inverted registers = 26 ;         ;
+-----------------------------------------+---------+


+------------------------------------------------------------------------------------------------------------------------------------------+
; Multiplexer Restructuring Statistics (Restructuring Performed)                                                                           ;
+--------------------+-----------+---------------+----------------------+------------------------+------------+----------------------------+
; Multiplexer Inputs ; Bus Width ; Baseline Area ; Area if Restructured ; Saving if Restructured ; Registered ; Example Multiplexer Output ;
+--------------------+-----------+---------------+----------------------+------------------------+------------+----------------------------+
; 3:1                ; 2 bits    ; 4 LEs         ; 4 LEs                ; 0 LEs                  ; No         ; |Game|Ball:ball|direction  ;
; 4:1                ; 2 bits    ; 4 LEs         ; 4 LEs                ; 0 LEs                  ; No         ; |Game|Ball:ball|direction  ;
+--------------------+-----------+---------------+----------------------+------------------------+------------+----------------------------+


+--------------------------------------------------------------------------------------------------------------------------------------------------------------------------------------------------------------------+
; Port Connectivity Checks: "Paddle:paddle1"                                                                                                                                                                         ;
+------------+-------+----------+------------------------------------------------------------------------------------------------------------------------------------------------------------------------------------+
; Port       ; Type  ; Severity ; Details                                                                                                                                                                            ;
+------------+-------+----------+------------------------------------------------------------------------------------------------------------------------------------------------------------------------------------+
; player     ; Input ; Warning  ; Input port expression (32 bits) is wider than the input port (1 bits) it drives.  The 31 most-significant bit(s) in the expression will be dangling if they have no other fanouts. ;
; player[-1] ; Input ; Info     ; Stuck at GND                                                                                                                                                                       ;
+------------+-------+----------+------------------------------------------------------------------------------------------------------------------------------------------------------------------------------------+


+----------------------------------------------------------------------------------------------------------------------------------------------------------------------------+
; Port Connectivity Checks: "Ball:ball"                                                                                                                                      ;
+----------+-------+----------+----------------------------------------------------------------------------------------------------------------------------------------------+
; Port     ; Type  ; Severity ; Details                                                                                                                                      ;
+----------+-------+----------+----------------------------------------------------------------------------------------------------------------------------------------------+
; p1_upper ; Input ; Warning  ; Declared by entity but not connected by instance. If a default value exists, it will be used.  Otherwise, the port will be connected to GND. ;
; p1_lower ; Input ; Warning  ; Declared by entity but not connected by instance. If a default value exists, it will be used.  Otherwise, the port will be connected to GND. ;
+----------+-------+----------+----------------------------------------------------------------------------------------------------------------------------------------------+


+-----------------------------------------------------+
; Post-Synthesis Netlist Statistics for Top Partition ;
+-----------------------+-----------------------------+
; Type                  ; Count                       ;
+-----------------------+-----------------------------+
; boundary_port         ; 18                          ;
; cycloneiii_ff         ; 81                          ;
;     CLR               ; 13                          ;
;     ENA CLR           ; 67                          ;
;     plain             ; 1                           ;
; cycloneiii_lcell_comb ; 199                         ;
;     arith             ; 126                         ;
;         2 data inputs ; 21                          ;
;         3 data inputs ; 105                         ;
;     normal            ; 73                          ;
;         1 data inputs ; 3                           ;
;         2 data inputs ; 24                          ;
;         3 data inputs ; 10                          ;
;         4 data inputs ; 36                          ;
;                       ;                             ;
; Max LUT depth         ; 5.00                        ;
; Average LUT depth     ; 3.15                        ;
+-----------------------+-----------------------------+


+-------------------------------+
; Elapsed Time Per Partition    ;
+----------------+--------------+
; Partition Name ; Elapsed Time ;
+----------------+--------------+
; Top            ; 00:00:01     ;
+----------------+--------------+


+-------------------------------+
; Analysis & Synthesis Messages ;
+-------------------------------+
Info: *******************************************************************
Info: Running Quartus Prime Analysis & Synthesis
    Info: Version 21.1.0 Build 842 10/21/2021 SJ Lite Edition
    Info: Processing started: Sat Aug  8 10:25:45 2026
Info: Command: quartus_map --read_settings_files=on --write_settings_files=off pong -c pong
Warning (18236): Number of processors has not been specified which may cause overloading on shared machines.  Set the global assignment NUM_PARALLEL_PROCESSORS in your QSF to an appropriate value for best performance.
Info (20030): Parallel compilation is enabled and will use 8 of the 8 processors detected
Warning (12090): Entity "Mux" obtained from "Mux.sv" instead of from Quartus Prime megafunction library File: /home/charlesmaebi/ProjectsSummer2026/pong-game-fpga/Mux.sv Line: 1
Info (12021): Found 1 design units, including 1 entities, in source file Mux.sv
    Info (12023): Found entity 1: Mux File: /home/charlesmaebi/ProjectsSummer2026/pong-game-fpga/Mux.sv Line: 1
Info (12021): Found 1 design units, including 1 entities, in source file SyncCount.sv
    Info (12023): Found entity 1: SyncCount File: /home/charlesmaebi/ProjectsSummer2026/pong-game-fpga/SyncCount.sv Line: 1
Info (12021): Found 1 design units, including 1 entities, in source file ClockDivider.sv
    Info (12023): Found entity 1: ClockDivider File: /home/charlesmaebi/ProjectsSummer2026/pong-game-fpga/ClockDivider.sv Line: 1
Info (12021): Found 1 design units, including 1 entities, in source file Decoder.sv
    Info (12023): Found entity 1: Decoder File: /home/charlesmaebi/ProjectsSummer2026/pong-game-fpga/Decoder.sv Line: 1
Info (12021): Found 1 design units, including 1 entities, in source file GraphicsDriver.sv
    Info (12023): Found entity 1: GraphicsDriver File: /home/charlesmaebi/ProjectsSummer2026/pong-game-fpga/GraphicsDriver.sv Line: 1
Info (12021): Found 1 design units, including 1 entities, in source file Ball.sv
    Info (12023): Found entity 1: Ball File: /home/charlesmaebi/ProjectsSummer2026/pong-game-fpga/Ball.sv Line: 1
Info (12021): Found 1 design units, including 1 entities, in source file DrawBall.sv
    Info (12023): Found entity 1: DrawBall File: /home/charlesmaebi/ProjectsSummer2026/pong-game-fpga/DrawBall.sv Line: 1
Info (12021): Found 1 design units, including 1 entities, in source file Game.sv
    Info (12023): Found entity 1: Game File: /home/charlesmaebi/ProjectsSummer2026/pong-game-fpga/Game.sv Line: 1
Info (12021): Found 1 design units, including 1 entities, in source file Paddle.sv
    Info (12023): Found entity 1: Paddle File: /home/charlesmaebi/ProjectsSummer2026/pong-game-fpga/Paddle.sv Line: 1
Info (12127): Elaborating entity "Game" for the top level hierarchy
Info (12128): Elaborating entity "ClockDivider" for hierarchy "ClockDivider:clock_divider" File: /home/charlesmaebi/ProjectsSummer2026/pong-game-fpga/Game.sv Line: 27
Info (12128): Elaborating entity "Ball" for hierarchy "Ball:ball" File: /home/charlesmaebi/ProjectsSummer2026/pong-game-fpga/Game.sv Line: 48
Info (10264): Verilog HDL Case Statement information at Ball.sv(44): all case item expressions in this case statement are onehot File: /home/charlesmaebi/ProjectsSummer2026/pong-game-fpga/Ball.sv Line: 44
Info (10264): Verilog HDL Case Statement information at Ball.sv(55): all case item expressions in this case statement are onehot File: /home/charlesmaebi/ProjectsSummer2026/pong-game-fpga/Ball.sv Line: 55
Info (10264): Verilog HDL Case Statement information at Ball.sv(66): all case item expressions in this case statement are onehot File: /home/charlesmaebi/ProjectsSummer2026/pong-game-fpga/Ball.sv Line: 66
Info (10264): Verilog HDL Case Statement information at Ball.sv(78): all case item expressions in this case statement are onehot File: /home/charlesmaebi/ProjectsSummer2026/pong-game-fpga/Ball.sv Line: 78
Info (12128): Elaborating entity "Paddle" for hierarchy "Paddle:paddle1" File: /home/charlesmaebi/ProjectsSummer2026/pong-game-fpga/Game.sv Line: 61
Warning (10230): Verilog HDL assignment warning at Paddle.sv(28): truncated value with size 32 to match size of target (10) File: /home/charlesmaebi/ProjectsSummer2026/pong-game-fpga/Paddle.sv Line: 28
Warning (10230): Verilog HDL assignment warning at Paddle.sv(36): truncated value with size 32 to match size of target (10) File: /home/charlesmaebi/ProjectsSummer2026/pong-game-fpga/Paddle.sv Line: 36
Warning (10230): Verilog HDL assignment warning at Paddle.sv(39): truncated value with size 32 to match size of target (10) File: /home/charlesmaebi/ProjectsSummer2026/pong-game-fpga/Paddle.sv Line: 39
Warning (10240): Verilog HDL Always Construct warning at Paddle.sv(30): inferring latch(es) for variable "paddle_right", which holds its previous value in one or more paths through the always construct File: /home/charlesmaebi/ProjectsSummer2026/pong-game-fpga/Paddle.sv Line: 30
Warning (10240): Verilog HDL Always Construct warning at Paddle.sv(30): inferring latch(es) for variable "paddle_left", which holds its previous value in one or more paths through the always construct File: /home/charlesmaebi/ProjectsSummer2026/pong-game-fpga/Paddle.sv Line: 30
Info (10041): Inferred latch for "paddle_left[0]" at Paddle.sv(30) File: /home/charlesmaebi/ProjectsSummer2026/pong-game-fpga/Paddle.sv Line: 30
Info (10041): Inferred latch for "paddle_left[1]" at Paddle.sv(30) File: /home/charlesmaebi/ProjectsSummer2026/pong-game-fpga/Paddle.sv Line: 30
Info (10041): Inferred latch for "paddle_left[2]" at Paddle.sv(30) File: /home/charlesmaebi/ProjectsSummer2026/pong-game-fpga/Paddle.sv Line: 30
Info (10041): Inferred latch for "paddle_left[3]" at Paddle.sv(30) File: /home/charlesmaebi/ProjectsSummer2026/pong-game-fpga/Paddle.sv Line: 30
Info (10041): Inferred latch for "paddle_left[4]" at Paddle.sv(30) File: /home/charlesmaebi/ProjectsSummer2026/pong-game-fpga/Paddle.sv Line: 30
Info (10041): Inferred latch for "paddle_left[5]" at Paddle.sv(30) File: /home/charlesmaebi/ProjectsSummer2026/pong-game-fpga/Paddle.sv Line: 30
Info (10041): Inferred latch for "paddle_left[6]" at Paddle.sv(30) File: /home/charlesmaebi/ProjectsSummer2026/pong-game-fpga/Paddle.sv Line: 30
Info (10041): Inferred latch for "paddle_left[7]" at Paddle.sv(30) File: /home/charlesmaebi/ProjectsSummer2026/pong-game-fpga/Paddle.sv Line: 30
Info (10041): Inferred latch for "paddle_left[8]" at Paddle.sv(30) File: /home/charlesmaebi/ProjectsSummer2026/pong-game-fpga/Paddle.sv Line: 30
Info (10041): Inferred latch for "paddle_left[9]" at Paddle.sv(30) File: /home/charlesmaebi/ProjectsSummer2026/pong-game-fpga/Paddle.sv Line: 30
Info (10041): Inferred latch for "paddle_right[0]" at Paddle.sv(30) File: /home/charlesmaebi/ProjectsSummer2026/pong-game-fpga/Paddle.sv Line: 30
Info (10041): Inferred latch for "paddle_right[1]" at Paddle.sv(30) File: /home/charlesmaebi/ProjectsSummer2026/pong-game-fpga/Paddle.sv Line: 30
Info (10041): Inferred latch for "paddle_right[2]" at Paddle.sv(30) File: /home/charlesmaebi/ProjectsSummer2026/pong-game-fpga/Paddle.sv Line: 30
Info (10041): Inferred latch for "paddle_right[3]" at Paddle.sv(30) File: /home/charlesmaebi/ProjectsSummer2026/pong-game-fpga/Paddle.sv Line: 30
Info (10041): Inferred latch for "paddle_right[4]" at Paddle.sv(30) File: /home/charlesmaebi/ProjectsSummer2026/pong-game-fpga/Paddle.sv Line: 30
Info (10041): Inferred latch for "paddle_right[5]" at Paddle.sv(30) File: /home/charlesmaebi/ProjectsSummer2026/pong-game-fpga/Paddle.sv Line: 30
Info (10041): Inferred latch for "paddle_right[6]" at Paddle.sv(30) File: /home/charlesmaebi/ProjectsSummer2026/pong-game-fpga/Paddle.sv Line: 30
Info (10041): Inferred latch for "paddle_right[7]" at Paddle.sv(30) File: /home/charlesmaebi/ProjectsSummer2026/pong-game-fpga/Paddle.sv Line: 30
Info (10041): Inferred latch for "paddle_right[8]" at Paddle.sv(30) File: /home/charlesmaebi/ProjectsSummer2026/pong-game-fpga/Paddle.sv Line: 30
Info (10041): Inferred latch for "paddle_right[9]" at Paddle.sv(30) File: /home/charlesmaebi/ProjectsSummer2026/pong-game-fpga/Paddle.sv Line: 30
Info (12128): Elaborating entity "GraphicsDriver" for hierarchy "GraphicsDriver:driver" File: /home/charlesmaebi/ProjectsSummer2026/pong-game-fpga/Game.sv Line: 79
Info (12128): Elaborating entity "SyncCount" for hierarchy "GraphicsDriver:driver|SyncCount:sync_count" File: /home/charlesmaebi/ProjectsSummer2026/pong-game-fpga/GraphicsDriver.sv Line: 34
Warning (10230): Verilog HDL assignment warning at SyncCount.sv(25): truncated value with size 32 to match size of target (10) File: /home/charlesmaebi/ProjectsSummer2026/pong-game-fpga/SyncCount.sv Line: 25
Warning (10230): Verilog HDL assignment warning at SyncCount.sv(28): truncated value with size 32 to match size of target (10) File: /home/charlesmaebi/ProjectsSummer2026/pong-game-fpga/SyncCount.sv Line: 28
Info (12128): Elaborating entity "DrawBall" for hierarchy "GraphicsDriver:driver|DrawBall:draw_ball" File: /home/charlesmaebi/ProjectsSummer2026/pong-game-fpga/GraphicsDriver.sv Line: 49
Info (12128): Elaborating entity "Mux" for hierarchy "GraphicsDriver:driver|Mux:red_mux" File: /home/charlesmaebi/ProjectsSummer2026/pong-game-fpga/GraphicsDriver.sv Line: 56
Warning (12241): 2 hierarchies have connectivity warnings - see the Connectivity Checks report folder
Info (286030): Timing-Driven Synthesis is running
Info (17049): 2 registers lost all their fanouts during netlist optimizations.
Info (16010): Generating hard_block partition "hard_block:auto_generated_inst"
    Info (16011): Adding 0 node(s), including 0 DDIO, 0 PLL, 0 transceiver and 0 LCELL
Info (21057): Implemented 218 device resources after synthesis - the final resource count might be different
    Info (21058): Implemented 4 input pins
    Info (21059): Implemented 14 output pins
    Info (21061): Implemented 200 logic cells
Info: Quartus Prime Analysis & Synthesis was successful. 0 errors, 10 warnings
    Info: Peak virtual memory: 463 megabytes
    Info: Processing ended: Sat Aug  8 10:25:54 2026
    Info: Elapsed time: 00:00:09
    Info: Total CPU time (on all processors): 00:00:21


